// Jest Snapshot v1, https://goo.gl/fbAQLP

exports[`UserListsComponent renders markup to snapshot 1`] = `undefined`;
